<h2 class="section" id="section-1">Importing</h2>
<div class="item" id="s.u_se-3c"
<pre class="example">
<pre class="example">
<h2 class="section" id="section-2">Choosing and repeating</h2>
<div class="item" id="s.i_f-3c"
<pre class="example">
<div class="item" id="s.u_nless-3c"
<pre class="example">
<div class="item" id="s.e_ach-3c"
<pre class="example">
<pre class="example">
<h2 class="section" id="section-3">What the compiler knows</h2>
<div class="item" id="s.l_ine-3c"
<pre class="example">
<div class="item" id="s.f_ile-3c"
<pre class="example">
<div class="item" id="s.i_nclude-3c"
<div class="item" id="s.c_fg-3c"
<pre class="example">
<div class="item" id="s.e_rror-3c"
<pre class="example">
<h2 class="section" id="section-4">Debugging and checking</h2>
<div class="item" id="s.d_bg-3c"
<pre class="example">
<div class="item" id="s.a_ssert-3c"
<pre class="example">
<h2 class="section" id="section-5">Text</h2>
<div class="item" id="s.f_ormat-3c"
<pre class="example">
<div class="item" id="s.p_anic-3c"
<pre class="example">
<div class="item" id="s.t_odo-3c"
<pre class="example">
<h2 class="section" id="section-6">Errors</h2>
<div class="item" id="s.t_ry-3c"
<pre class="example">
<div class="item" id="s.c_atch-3c"
<pre class="example">
<div class="item" id="s.f_inally-3c"
<pre class="example">
<div class="item" id="s.r_ecover-3c"
<pre class="example">
<div class="item" id="s.r_etry-3c"
<pre class="example">
<pre class="example">
<div class="item" id="s.h_alt-3c"
<pre class="example">
<div class="item" id="s.c_ontinue-3c"
<pre class="example">
<h2 class="section" id="section-7">Private helpers</h2>
<div class="item" id="catchCodes"
<div class="item" id="h.m_atchCode"
<div class="item" id="ifArgs"
<div class="item" id="eachAlone"
<div class="item" id="eachHole"
<div class="item" id="h.t_rim"
<div class="item" id="h.w_ords"
<div class="item" id="h.s_eps"
<div class="item" id="h.h_oles"
<div class="item" id="h.j_oin"
<div class="item" id="h.q_uote"
<div class="item" id="h.c_opy"
<div class="item" id="h.w_hy"
<div class="item" id="h.o_rEmpty"
<div class="item" id="h.l_it"
<div class="item" id="h.c_j"
<div class="item" id="h.p_ieces"
