href="style.css"
href="index.html"
href="components-doc-fixtures-app.xtl.html"
href="components-doc-fixtures-Greet.xtl.html"
href="components-doc-fixtures-Greet.xtlm.html"
href="builtins.html"
href="#section-1"
href="#l.h_ello"
href="#l.s_hout"
href="#section-2"
href="#mark"
href="#l.count"
href="components-doc-fixtures-Greet.xtl.src.html"
id="section-1"
id="l.h_ello"
href="#l.h_ello"
href="components-doc-fixtures-Greet.xtl.src.html#L8"
href="components-doc-fixtures-Greet.xtl.html#l.h_ello"
href="builtins.html#c_at"
href="components-doc-fixtures-Greet.xtl.html#l.s_hout"
id="l.s_hout"
href="#l.s_hout"
href="components-doc-fixtures-Greet.xtl.src.html#L13"
href="components-doc-fixtures-Greet.xtl.html#l.h_ello"
href="builtins.html#c_at"
href="components-doc-fixtures-Greet.xtl.html#mark"
href="components-doc-fixtures-app.xtl.html#u.g_reetAll"
id="section-2"
id="mark"
href="#mark"
href="components-doc-fixtures-Greet.xtl.src.html#L18"
href="components-doc-fixtures-Greet.xtl.html#l.s_hout"
id="l.count"
href="#l.count"
href="components-doc-fixtures-Greet.xtl.src.html#L21"
