15
┌→──────────────────────────────────────────────────────┐
│ ┌→──┐ ┌→──┐ ┌→──┐ ┌→──┐ ┌→──┐ ┌→──┐ ┌→─┐ ┌→──┐ ┌→───┐ │
│ │the│ │cat│ │and│ │hat│ │bat│ │sat│ │on│ │mat│ │with│ │
│ └───┘ └───┘ └───┘ └───┘ └───┘ └───┘ └──┘ └───┘ └────┘ │
└∊──────────────────────────────────────────────────────┘
5 2 2 1 1 1 1 1 1
┌→────────────────────────┐
│ ┌→──┐ ┌→──┐ ┌→──┐ ┌→──┐ │
│ │the│ │cat│ │and│ │hat│ │
│ └───┘ └───┘ └───┘ └───┘ │
└∊────────────────────────┘
5 2 2 1
┌→──────────────────────────────────────────────────────┐
↓ ┌→──┐ ┌→──┐ ┌→──┐ ┌→──┐ ┌→──┐ ┌→──┐ ┌→─┐ ┌→──┐ ┌→───┐ │
│ │the│ │cat│ │and│ │hat│ │bat│ │sat│ │on│ │mat│ │with│ │
│ └───┘ └───┘ └───┘ └───┘ └───┘ └───┘ └──┘ └───┘ └────┘ │
│ ┌→┐   ┌→┐   ┌→┐   ┌→┐   ┌→┐   ┌→┐   ┌→┐  ┌→┐   ┌→┐    │
│ │5│   │2│   │2│   │1│   │1│   │1│   │1│  │1│   │1│    │
│ └─┘   └─┘   └─┘   └─┘   └─┘   └─┘   └─┘  └─┘   └─┘    │
└∊──────────────────────────────────────────────────────┘
3 3 3 3 3 3 3 3 3 2 3 3 4 3 3
4
