1 2 1
2 2 3
1 3 3
┌→──────────────────────────────┐
↓ ┌→───┐  ┌→────┐    ┌→───┐     │
│ │rock│  │paper│    │rock│     │
│ └────┘  └─────┘    └────┘     │
│ ┌→────┐ ┌→────┐    ┌→───────┐ │
│ │paper│ │paper│    │scissors│ │
│ └─────┘ └─────┘    └────────┘ │
│ ┌→───┐  ┌→───────┐ ┌→───────┐ │
│ │rock│  │scissors│ │scissors│ │
│ └────┘  └────────┘ └────────┘ │
└∊──────────────────────────────┘
1
1
0
0
1
3
1
1
1
0
0
┌→──────────────────────────────────────────────────┐
↓ ┌→───┐  ┌→────┐  ┌→────┐    ┌→───┐     ┌→───┐     │
│ │rock│  │Spock│  │paper│    │rock│     │rock│     │
│ └────┘  └─────┘  └─────┘    └────┘     └────┘     │
│ ┌→────┐ ┌→────┐  ┌→────┐    ┌→─────┐   ┌→────┐    │
│ │Spock│ │Spock│  │paper│    │lizard│   │Spock│    │
│ └─────┘ └─────┘  └─────┘    └──────┘   └─────┘    │
│ ┌→────┐ ┌→────┐  ┌→────┐    ┌→─────┐   ┌→───────┐ │
│ │paper│ │paper│  │paper│    │lizard│   │scissors│ │
│ └─────┘ └─────┘  └─────┘    └──────┘   └────────┘ │
│ ┌→───┐  ┌→─────┐ ┌→─────┐   ┌→─────┐   ┌→───────┐ │
│ │rock│  │lizard│ │lizard│   │lizard│   │scissors│ │
│ └────┘  └──────┘ └──────┘   └──────┘   └────────┘ │
│ ┌→───┐  ┌→────┐  ┌→───────┐ ┌→───────┐ ┌→───────┐ │
│ │rock│  │Spock│  │scissors│ │scissors│ │scissors│ │
│ └────┘  └─────┘  └────────┘ └────────┘ └────────┘ │
└∊──────────────────────────────────────────────────┘
0 0 0 1 1
1 0 0 0 1
1 1 0 0 0
0 1 1 0 0
0 0 1 1 0
2 2 2 2 2
2 2 2 2 2
1
1
0
