0 1 1 1 1 1 1 1 1 1  1  1
0 0 2 2 2 2 2 2 2 2  2  2
0 1 0 3 3 3 3 3 3 3  3  3
0 0 1 0 4 4 4 4 4 4  4  4
0 1 2 1 0 5 5 5 5 5  5  5
0 0 0 2 1 0 6 6 6 6  6  6
0 1 1 3 2 1 0 7 7 7  7  7
0 0 2 0 3 2 1 0 8 8  8  8
0 1 0 1 4 3 2 1 0 9  9  9
0 0 1 2 0 4 3 2 1 0 10 10
0 1 2 3 1 5 4 3 2 1  0 11
0 0 0 0 2 0 5 4 3 2  1  0
1 0 0 0 0 0 0 0 0 0 0 0
1 1 0 0 0 0 0 0 0 0 0 0
1 0 1 0 0 0 0 0 0 0 0 0
1 1 0 1 0 0 0 0 0 0 0 0
1 0 0 0 1 0 0 0 0 0 0 0
1 1 1 0 0 1 0 0 0 0 0 0
1 0 0 0 0 0 1 0 0 0 0 0
1 1 0 1 0 0 0 1 0 0 0 0
1 0 1 0 0 0 0 0 1 0 0 0
1 1 0 0 1 0 0 0 0 1 0 0
1 0 0 0 0 0 0 0 0 0 1 0
1 1 1 1 0 1 0 0 0 0 0 1
1 2 2 3 2 4 2 4 3 4 2 6
2 3 5 7 11 13 17 19 23 29 31 37 41 43 47
6 28 16
