                 _  
  _    _      __(.)<
 (.)< (.)<    \___) 
                       _        
        _    _      __(.)<      
       (.)< (.)<    \___)       
32 3 32
                 _              
  _    _      __(.)<            
 (.)< (.)<    \___)             

                             _  
              _    _      __(.)<
             (.)< (.)<    \___) 

         _                      
      __(.)<              _    _
)<    \___)              (.)< (.
32 4 32
                       _        
        _    _      __(.)<      
       (.)< (.)<    \___)       
~   ~  ~~ ~   ~  ~~ ~   ~ ~  ~~ 
