      [2m⍝!/usr/bin/env xetal[0m
      [2m⍝ A tour of X_eTaL: one commented file touching every implemented[0m
      [2m⍝ feature. just tour shows each line decorated with its output; just pp[0m
      [2m⍝ demos/tour.xtl prints it decorated; just edit demos/tour.xtl opens the[0m
      [2m⍝ ASCII and the decorated form side by side.[0m
      [2m⍝ Source is plain ASCII; the display draws the decorations (code in[0m
      [2m⍝ backquotes inside comments is drawn too: [0mx[33m²[0m [34mr̲ev[0m [35m⍵[0m ←[2m). The table[0m
      [2m⍝ of what to type for each glyph is docs/input.md. Expressions read[0m
      [2m⍝ right to left; each top-level expression prints its value.[0m

      [2m⍝ -- Numbers ------------------------------------------------------------[0m
      [33m42[0m                       [2m⍝ an Int[0m
42
      [33m-3[0m [33m2.5[0m                   [2m⍝ a negative literal; a strand has one type (Float)[0m
-3.0 2.5
      x ← [33m3[0m                    [2m⍝ [0m←[2m binds; [0m[94m=[0m[2m is always equality[0m
      x[33m²[0m                       [2m⍝ a literal exponent touches its value: superscript[0m
9
      [33m4[0m[33m⁻¹[0m                      [2m⍝ a negative exponent gives a Float (a literal base)[0m
0.25
      [33m2[0m [94m^[0m [33m10[0m                   [2m⍝ spaced [0m[94m^[0m[2m is the power function (computed exponents)[0m
1024
      [33m7[0m [94m÷[0m [33m2[0m                    [2m⍝ [0m[94m÷[0m[2m always gives a Float[0m
3.5
      [33m7[0m [34md̲iv[0m [33m2[0m◆ [33m7[0m [34mm̲od[0m [33m3[0m         [2m⍝ integer quotient and remainder; [0m◆[2m separates statements[0m
3
1
      ([33m0.1[0m [94m+[0m [33m0.2[0m) [94m=[0m [33m0.3[0m        [2m⍝ [0m[94m=[0m[2m is exact: 0 (false)[0m
0
      ([33m0.1[0m [94m+[0m [33m0.2[0m) [34me̲q~[0m [33m0.3[0m      [2m⍝ tolerant equality: 1[0m
1
      ([33m3[0m [94m<[0m [33m4[0m) [94m∧[0m [33m2[0m [94m≠[0m [33m2[0m          [2m⍝ Bool ([0m[94m∧[0m [94m∨[0m [94m≠[0m[2m); no precedence: parenthesize the left[0m
0
      [34mf̲loat[0m [33m3[0m                  [2m⍝ Int to Float[0m
3.0
      [34ms̲in[0m ([34mp̲i[0m @) [94m÷[0m [33m2[0m           [2m⍝ trigonometry in radians; [0m[34mp̲i[0m @[2m is pi (niladic)[0m
1.0
      [34ma̲tan[0m [33m1[0m                   [2m⍝ and c_os[0m
0.7853981633974483

      [2m⍝ -- Mutation -------------------------------------------------------------[0m
      count! ← [33m0[0m               [2m⍝ only names ending in ! (like [0mcount![2m) may be reassigned[0m
      count! ← count! [94m+[0m [33m1[0m
      count![0m
1

      [2m⍝ -- Strings: vectors of characters ---------------------------------------[0m
      [93m"hello"[0m
hello
      [93m"abc"[0m [94m=[0m [93m"abd"[0m            [2m⍝ item by item[0m
1 1 0
      [33m3[0m [34mt̲ake[0m [93m"hello"[0m
hel
      [93m"hello X̲ᵉTᵃL"[0m             [2m⍝ strings and comments may hold any Unicode (code may not)[0m
hello X̲ᵉTᵃL

      [2m⍝ -- Arrays ---------------------------------------------------------------[0m
      m ← [33m2[0m [33m3[0m [34mr̲eshape[0m [34mr̲ange[0m [33m6[0m          [2m⍝ 1-origin: [0m[34mr̲ange[0m [33m6[0m[2m is 1 2 3 4 5 6[0m
      m[0m
1 2 3
4 5 6
      [34ms̲hape[0m m◆ [34mt̲ally[0m m[0m
2 3
2
      m [94m×[0m [33m10[0m                   [2m⍝ a scalar extends to every item[0m
10 20 30
40 50 60
      [33m2[0m [34ms̲elect[0m m               [2m⍝ the 2nd major cell (row)[0m
4 5 6
      [33m-1[0m [34mt̲ake[0m m◆ [33m1[0m [34md̲rop[0m m      [2m⍝ take and drop count from the end when negative[0m
4 5 6
4 5 6
      ([34mf̲irst[0m m) [34mc̲at[0m [33m7[0m [33m8[0m [33m9[0m      [2m⍝ join along the leading axis[0m
1 2 3 7 8 9
      m [34mc̲at₂[0m [33m0[0m [33m9[0m               [2m⍝ ... or along axis 2: a column on the right[0m
1 2 3 0
4 5 6 9
      [33m1[0m [33m0[0m [33m2[0m [34mr̲eplicate[0m [33m7[0m [33m8[0m [33m9[0m    [2m⍝ replicate: each item, as many times as its count[0m
7 9 9
      [33m10[0m [33m10[0m [33m10[0m [34me̲ncode[0m [33m123[0m      [2m⍝ encode: the digits, in the radices on the left[0m
1 2 3
      [33m24[0m [33m60[0m [33m60[0m [34md̲ecode[0m [33m1[0m [33m2[0m [33m5[0m    [2m⍝ decode: 1 hour 2 minutes 5 seconds, in seconds[0m
3725
      [34mr̲avel[0m m[0m
1 2 3 4 5 6
      [33m10[0m [94m^[0m [34mr̲ev[0m [34mo̲ffsets[0m [33m3[0m       [2m⍝ [0m[34mo̲ffsets[0m[2m counts from 0: place values 100 10 1[0m
100 10 1

      [2m⍝ -- Functions ------------------------------------------------------------[0m
      [32mᵘs̲quare[0m ← { [35m⍵[0m [94m×[0m [35m⍵[0m }              [2m⍝ [0m[35m⍵[0m[2m is the right argument[0m
      [32mᵘs̲quare[0m [33m1[0m [33m2[0m [33m3[0m                    [2m⍝ scalar functions work on arrays unchanged[0m
1 4 9
      [32mᵘs̲ub[0m ← { [35m⍺[0m [94m−[0m [35m⍵[0m }                 [2m⍝ [0m[35m⍺[0m[2m is the left argument[0m
      [33m10[0m [32mᵘs̲ub[0m [33m3[0m                        [2m⍝ dyadic use is currying: [0m([32mᵘs̲ub[0m [33m10[0m) [33m3[0m
7
      [32mᵘh̲yp[0m ← { a b → ((a [94m×[0m a) [94m+[0m b [94m×[0m b) [94m^[0m [33m0.5[0m }       [2m⍝ named parameters before [0m→[0m
      [33m3[0m [32mᵘh̲yp[0m [33m4[0m
5.0
      [32mᵘs̲ign[0m ← { x → x [94m<[0m [33m0[0m ? [33m-1[0m◆ x [94m=[0m [33m0[0m ? [33m0[0m◆ [33m1[0m }      [2m⍝ guards: condition [0m?[2m result[0m
      [32mᵘf̲act[0m ← { n →
        n [94m≤[0m [33m1[0m ? [33m1[0m
        n [94m×[0m [32mᵘf̲act[0m n [94m−[0m [33m1[0m
      }[0m
      [32mᵘf̲act[0m [33m10[0m                         [2m⍝ recursion[0m
3628800
      [32mᵘt̲wo[0m ← { @ → [33m2[0m }                 [2m⍝ a niladic function takes [0m@[0m
      [32mᵘt̲wo[0m @[0m
2
      [32mᵘk̲eep[0m ← { a ~b → a }             [2m⍝ [0m~b[2m is a lazy parameter: evaluated[0m
      [33m7[0m [32mᵘk̲eep[0m [33m1[0m [94m÷[0m [33m0[0m                    [2m⍝ only if used, so no division by zero[0m
7
      ([32mᵘs̲ub[0m [33m100[0m)_ [33m1[0m                    [2m⍝ [0m(expr)_[2m applies a function value[0m
99
      [32mᵘt̲wice[0m ← { [34mf̲[0m x → [34mf̲[0m [34mf̲[0m x }         [2m⍝ apply a function parameter two times[0m
      [1m'[0m{ [35m⍵[0m [94m+[0m [33m10[0m } [32mᵘt̲wice[0m [33m3[0m             [2m⍝ 3 + 10 + 10[0m
23
      [32m'ᵘs̲quare[0m [32mᵘt̲wice[0m [33m3[0m                [2m⍝ square (square 3) = 9 squared[0m
81

      [2m⍝ -- Quotes and operands --------------------------------------------------[0m
      [94m'+[0m [34mr̲/[0m [33m1[0m [33m2[0m [33m3[0m [33m4[0m            [2m⍝ a quoted function is the operand of [0m[34mr̲/[0m[2m (reduce)[0m
10
      [94m'−[0m [34mr̲/[0m [33m1[0m [33m2[0m [33m3[0m              [2m⍝ reduce folds from the right: 1 - (2 - 3)[0m
2
      [94m'+[0m [34ms̲\[0m [33m1[0m [33m2[0m [33m3[0m [33m4[0m            [2m⍝ scan: the prefix reductions[0m
1 3 6 10
      [94m'+[0m [34mr̲/[0m m                  [2m⍝ the leading axis: column sums[0m
5 7 9
      [32m'ᵘs̲ign[0m [34me̲ach[0m [33m-5[0m [33m0[0m [33m5[0m       [2m⍝ each: apply to every item[0m
-1 0 1
      [33m1[0m [33m2[0m [33m3[0m [94m'=[0m [34me̲ach[0m [33m1[0m [33m5[0m [33m3[0m      [2m⍝ dyadic each is currying[0m
1 0 1
      [33m1[0m [33m2[0m [33m3[0m [94m'×[0m [34mt̲able[0m [33m1[0m [33m2[0m [33m3[0m     [2m⍝ table: the outer product[0m
1 2 3
2 4 6
3 6 9
      m [94m'+[0m [94m'×[0m [34mi̲nner[0m [33m1[0m [33m1[0m [33m1[0m      [2m⍝ inner product: the nearest operand pairs[0m
6 15
      [34m'n̲eg[0m [34m'a̲bs[0m [34mc̲ompose[0m [33m-4[0m     [2m⍝ compose: the nearest operand applies first[0m
-4
      [33m2[0m [94m'÷[0m [34ms̲wap[0m [33m1[0m              [2m⍝ swap the arguments: 1 / 2[0m
0.5
      [1m'[0m{ [35m⍺[0m [94m+[0m [35m⍵[0m } [34mr̲/[0m [33m1[0m [33m2[0m [33m3[0m      [2m⍝ a quoted lambda is an operand too[0m
6

      [2m⍝ -- Trains and tacks -----------------------------------------------------[0m
      [32mᵘa̲vg[0m ← [[94m'+[0m [34mr̲/[0m [94m÷[0m [34mt̲ally[0m]           [2m⍝ fork: [0m([94m'+[0m [34mr̲/[0m) [94m÷[0m [34mt̲ally[0m[2m of the argument[0m
      [32mᵘa̲vg[0m [33m1[0m [33m2[0m [33m3[0m [33m4[0m
2.5
      [[34mn̲eg[0m [34ma̲bs[0m] [33m-5[0m                     [2m⍝ atop: [0m[34mn̲eg[0m [34ma̲bs[0m x[0m
-5
      [33m3[0m [[34ml̲eft[0m [94m+[0m [34mr̲ight[0m] [33m4[0m               [2m⍝ the tacks pick an argument[0m
7
      [[34mi̲d[0m [94m−[0m [34mn̲eg[0m] [33m5[0m                     [2m⍝ hook: [0mx [94m−[0m [34mn̲eg[0m x[0m
10

      [2m⍝ -- Rotate, reverse and axes ---------------------------------------------[0m
      [33m1[0m [34mo̲-[0m [33m1[0m [33m2[0m [33m3[0m [33m4[0m             [2m⍝ rotate toward the front[0m
2 3 4 1
      [34mr̲ev[0m [93m"stressed"[0m
desserts
      [2m⍝ A function works on the leading axis (axis 1) unless a subscript names[0m
      [2m⍝ another: [0m[34mr̲ev₂[0m m[2m moves axis 2 to the front, applies [0m[34mr̲ev[0m[2m, and[0m
      [2m⍝ moves it back.[0m
      [94m'+[0m [34mr̲/[0m m                  [2m⍝ implicit: axis 1, so column sums[0m
5 7 9
      [94m'+[0m [34mr̲/₁[0m m                 [2m⍝ the same, explicit[0m
5 7 9
      [94m'+[0m [34mr̲/₂[0m m                 [2m⍝ axis 2: row sums[0m
6 15
      [94m'+[0m [34ms̲\₂[0m m                 [2m⍝ running sums along each row[0m
1 3  6
4 9 15
      [33m1[0m [34mo̲-[0m m                   [2m⍝ rotate the rows (axis 1)[0m
4 5 6
1 2 3
      [33m1[0m [34mo̲-₁[0m m                  [2m⍝ the same, explicit[0m
4 5 6
1 2 3
      [33m1[0m [34mo̲-₂[0m m                  [2m⍝ rotate within each row (axis 2)[0m
2 3 1
5 6 4
      [34mr̲ev₂[0m m                   [2m⍝ reverse each row[0m
3 2 1
6 5 4
      [94m'+[0m [34mr̲/₁₂[0m m                [2m⍝ two axes in turn: the total[0m
21
      [33m-1[0m [33m0[0m [33m1[0m [34mo̲-[0m [33m1[0m [33m2[0m [33m3[0m          [2m⍝ a list of amounts gives every rotation[0m
3 1 2
1 2 3
2 3 1
      [34ms̲hape[0m [33m-1[0m [33m0[0m [33m1[0m [34mo̲-₁₂[0m m      [2m⍝ every combination along both axes: 3 3 2 3[0m
3 3 2 3

      [2m⍝ -- Search and order -----------------------------------------------------[0m
      v ← [33m3[0m [33m1[0m [33m4[0m [33m1[0m [33m5[0m [33m9[0m [33m2[0m [33m6[0m
      [34ms̲ort[0m v◆ [34mg̲rade[0m v          [2m⍝ sort, and the indices that sort[0m
1 1 2 3 4 5 6 9
2 4 7 1 3 5 8 6
      [34mu̲nique[0m v[0m
3 1 4 5 9 2 6
      v [34mi̲ndexOf[0m [33m5[0m [33m7[0m            [2m⍝ 7 is absent: tally + 1[0m
5 9
      [33m2[0m [33m7[0m [34mm̲ember?[0m v[0m
1 0
      [34mw̲here[0m v [94m>[0m [33m4[0m              [2m⍝ indices of the 1s[0m
5 6 8

      [2m⍝ -- Nested arrays and display --------------------------------------------[0m
      n ← [93m"ab"[0m [93m"cde"[0m           [2m⍝ a strand of strings: a vector of 2 boxes[0m
      n                        [2m⍝ nested values print framed (APL2's DISPLAY)[0m
┌→───────────┐
│ ┌→─┐ ┌→──┐ │
│ │ab│ │cde│ │
│ └──┘ └───┘ │
└∊───────────┘
      [34mt̲ally[0m n[0m
2
      [34md̲isclose[0m [33m2[0m [34ms̲elect[0m n      [2m⍝ open the 2nd box[0m
cde
      s ← [93m"to be or not"[0m
      (s [94m≠[0m [34mf̲irst[0m [93m" "[0m) [34mp̲artition[0m s      [2m⍝ cut where the mask is 0: the words, boxed[0m
┌→─────────────────────┐
│ ┌→─┐ ┌→─┐ ┌→─┐ ┌→──┐ │
│ │to│ │be│ │or│ │not│ │
│ └──┘ └──┘ └──┘ └───┘ │
└∊─────────────────────┘
      [34m'r̲ange[0m [34mm̲ap[0m [33m1[0m [33m2[0m [33m3[0m         [2m⍝ map: each result boxed, so it may be an array[0m
┌→──────────────────┐
│ ┌→┐ ┌→──┐ ┌→────┐ │
│ │1│ │1 2│ │1 2 3│ │
│ └~┘ └~──┘ └~────┘ │
└∊──────────────────┘
      [34md̲isplay[0m m                [2m⍝ any value framed, as a character matrix (xetal --box prints all so)[0m
┌→────┐
↓1 2 3│
│4 5 6│
└~────┘

      [2m⍝ -- Effects --------------------------------------------------------------[0m
      [34mr̲oll![0m [33m6[0m [33m6[0m [33m6[0m              [2m⍝ three dice: random 1..6 each, so every run differs[0m
6 2 1
      [34mr̲oll![0m [33m6[0m [33m6[0m [33m6[0m              [2m⍝ (and each line rolls again)[0m
6 4 3
      [34mr̲oll![0m [33m6[0m [33m6[0m [33m6[0m
4 4 1
      [34mp̲rint![0m [93m"printed, then returned"[0m   [2m⍝ [0m[34mp̲rint![0m[2m prints and returns its argument[0m
printed, then returned
printed, then returned

      [2m⍝ -- Pictures -------------------------------------------------------------[0m
      [2m⍝ [0m[34m⎕G̲RID[0m[2m draws an array as a grid of cells and [0m[34m⎕P̲ATH[0m[2m points as a[0m
      [2m⍝ line, each giving SVG text; [0m[34m⎕S̲HOW[0m[2m shows it (a file NAME-1.svg on[0m
      [2m⍝ the command line, [0mjust draw FILE[2m opens it; the live demo draws it[0m
      [2m⍝ under the output). Here only the start of the text:[0m
      [33m15[0m [34mt̲ake[0m [34m⎕G̲RID[0m [33m2[0m [33m2[0m [34mr̲eshape[0m [33m1[0m [33m0[0m [33m0[0m [33m1[0m
<svg xmlns="htt

      [2m⍝ -- Libraries ----------------------------------------------------------[0m
      [36mˢ⁼[0m[1;33mu̲se<[0m [93m"Stats"[0m           [2m⍝ import a library under an alias of your choosing[0m
      [36mˢm̲ean[0m [33m2[0m [33m4[0m [33m4[0m [33m4[0m [33m5[0m [33m5[0m [33m7[0m [33m9[0m    [2m⍝ its exported names, used through the alias[0m
5.0
      [36mˢs̲d[0m [33m2[0m [33m4[0m [33m4[0m [33m4[0m [33m5[0m [33m5[0m [33m7[0m [33m9[0m      [2m⍝ the standard deviation[0m
2.0
      [36mˢr̲ange[0m [33m3[0m [33m1[0m [33m4[0m [33m1[0m [33m5[0m         [2m⍝ largest minus smallest[0m
4
      [36mʰ⁼[0m[1;33mu̲se<[0m [93m"Hello"[0m           [2m⍝ a library of your own, found in userlibs/[0m
      [36mʰh̲ello[0m @                 [2m⍝ niladic: called with Unit[0m
hello X̲ᵉTᵃL

      [2m⍝ -- Combinators and power -----------------------------------------------[0m
      [36mᶜ⁼[0m[1;33mu̲se<[0m [93m"Combinators"[0m     [2m⍝ Smullyan's birds, a standard library[0m
      [33m1[0m [36mᶜK̲[0m [33m2[0m                   [2m⍝ K keeps its first argument[0m
1
      [33m10[0m [94m'−[0m [36mᶜC̲[0m [33m3[0m               [2m⍝ C swaps the arguments: 3 - 10[0m
-7
      [34m'n̲eg[0m [34m'a̲bs[0m [36mᶜB̲[0m [33m-5[0m          [2m⍝ B composes, the nearest operand last: a_bs n_eg -5[0m
5
      [94m'×[0m [36mᶜW̲[0m [33m4[0m                  [2m⍝ W uses its argument twice: 4 * 4[0m
16
      [32mᵘt̲riangle[0m ← { ~[34ms̲elf[0m n → n [94m≤[0m [33m1[0m ? [33m1[0m◆ n [94m+[0m [34ms̲elf[0m n [94m−[0m [33m1[0m }[0m
      [32m'ᵘt̲riangle[0m [36mᶜY̲[0m [33m5[0m          [2m⍝ Y: recursion, from a function handed itself: 1+2+3+4+5[0m
15
      [34mn̲eg³[0m [33m5[0m                   [2m⍝ a superscript repeats a function: n_eg three times[0m
-5

      [2m⍝ -- Life in one line -----------------------------------------------------[0m
      [32mᵘl̲ife[0m ← { ([94m'+[0m [34mr̲/₁₂[0m [33m-1[0m [33m0[0m [33m1[0m [34mo̲-₁₂[0m [35m⍵[0m) { ([35m⍺[0m [94m=[0m [33m3[0m) [94m+[0m [35m⍵[0m [94m×[0m [35m⍺[0m [94m=[0m [33m4[0m } [35m⍵[0m }[0m
      [32mᵘl̲ife[0m [33m5[0m [33m5[0m [34mr̲eshape[0m [33m0[0m [33m0[0m [33m0[0m [33m0[0m [33m0[0m [33m0[0m [33m0[0m [33m1[0m [33m0[0m [33m0[0m [33m0[0m [33m0[0m [33m1[0m [33m0[0m [33m0[0m [33m0[0m [33m0[0m [33m1[0m [33m0[0m [33m0[0m [33m0[0m [33m0[0m [33m0[0m [33m0[0m [33m0[0m
0 0 0 0 0
0 0 0 0 0
0 1 1 1 0
0 0 0 0 0
0 0 0 0 0

      [2m⍝ Not shown here: the textbook Y combinator, built from self-application,[0m
      [2m⍝ needs --untyped (demos/fixed-point.xtl, demos/birds-untyped.xtl).[0m
