42
-3.0 2.5
9
0.25
1024
3.5
3
1
0
1
0
3.0
1
hello
1 1 0
hel
1 2 3
4 5 6
2 3
2
10 20 30
40 50 60
4 5 6
4 5 6
4 5 6
1 2 3 7 8 9
1 2 3 4 5 6
100 10 1
1 4 9
7
5.0
3628800
2
7
99
23
81
10
2
1 3 6 10
5 7 9
-1 0 1
1 0 1
1 2 3
2 4 6
3 6 9
6 15
-4
0.5
6
2.5
-5
7
10
2 3 4 1
desserts
5 7 9
5 7 9
6 15
1 3  6
4 9 15
4 5 6
1 2 3
4 5 6
1 2 3
2 3 1
5 6 4
3 2 1
6 5 4
21
3 1 2
1 2 3
2 3 1
3 3 2 3
1 1 2 3 4 5 6 9
2 4 7 1 3 5 8 6
3 1 4 5 9 2 6
5 9
1 0
5 6 8
6 2 1
6 4 3
4 4 1
printed, then returned
printed, then returned
0 0 0 0 0
0 0 0 0 0
0 1 1 1 0
0 0 0 0 0
0 0 0 0 0
