s:i_f< : Char -> Char -> Char
s:u_nless< : Char -> Char -> Char
s:e_ach< : Char -> Char -> Char
s:l_ine< : Unit -> Unit -> Char
s:f_ile< : Unit -> Unit -> Char
s:i_nclude< : Unit -> Char -> Char
s:c_fg< : Unit -> Char -> Char
s:e_rror< : Char -> Char -> Char
s:d_bg< : Unit -> Char -> Char
s:a_ssert< : Char -> a -> Char
s:f_ormat< : Unit -> Char -> Char
s:p_anic< : Unit -> Char -> Char
s:t_odo< : Unit -> Char -> Char
s:t_ry< : Char -> Char -> Char
s:c_atch< : Char -> Char -> Char
s:f_inally< : Char -> Char -> Char
s:r_ecover< : Unit -> Char -> Char
s:r_etry< : Unit -> Unit -> Char
s:h_alt< : Unit -> Unit -> Char
s:c_ontinue< : Unit -> Unit -> Char
